BL51 BANKED LINKER/LOCATER V6.22                                                        03/12/2020  12:17:51  PAGE 1


BL51 BANKED LINKER/LOCATER V6.22, INVOKED BY:
D:\KEIL_V5\C51\BIN\BL51.EXE .\Objects\STARTUP.obj, .\Objects\main.obj TO .\Objects\keil_c51_test PRINT (.\Listings\keil_
>> c51_test.m51) RAMSIZE (256)


MEMORY MODEL: SMALL


INPUT MODULES INCLUDED:
  .\Objects\STARTUP.obj (?C_STARTUP)
  .\Objects\main.obj (MAIN)


LINK MAP OF MODULE:  .\Objects\keil_c51_test (?C_STARTUP)


            TYPE    BASE      LENGTH    RELOCATION   SEGMENT NAME
            -----------------------------------------------------

            * * * * * * *   D A T A   M E M O R Y   * * * * * * *
            REG     0000H     0008H     ABSOLUTE     "REG BANK 0"
            IDATA   0008H     0001H     UNIT         ?STACK

            * * * * * * *   C O D E   M E M O R Y   * * * * * * *
            CODE    0000H     0003H     ABSOLUTE     
                    0003H     07FDH                  *** GAP ***
            CODE    0800H     0011H     UNIT         ?PR?MAIN?MAIN
            CODE    0811H     000CH     UNIT         ?C_C51STARTUP
            CODE    081DH     0006H     UNIT         ?PR?THE_THIRD?MAIN
            CODE    0823H     0004H     UNIT         ?PR?FUN?MAIN
            CODE    0827H     0004H     UNIT         ?PR?TEST?MAIN



OVERLAY MAP OF MODULE:   .\Objects\keil_c51_test (?C_STARTUP)


SEGMENT
  +--> CALLED SEGMENT
---------------------
?C_C51STARTUP
  +--> ?PR?MAIN?MAIN

?PR?MAIN?MAIN
  +--> ?PR?FUN?MAIN
  +--> ?PR?TEST?MAIN
  +--> ?PR?THE_THIRD?MAIN

?PR?THE_THIRD?MAIN
  +--> ?PR?FUN?MAIN
  +--> ?PR?TEST?MAIN



SYMBOL TABLE OF MODULE:  .\Objects\keil_c51_test (?C_STARTUP)

  VALUE           TYPE          NAME
  ----------------------------------
BL51 BANKED LINKER/LOCATER V6.22                                                      03/12/2020  12:17:51  PAGE 2



  -------         MODULE        ?C_STARTUP
  C:0811H         SEGMENT       ?C_C51STARTUP
  I:0008H         SEGMENT       ?STACK
  C:0000H         PUBLIC        ?C_STARTUP
  D:00E0H         SYMBOL        ACC
  D:00F0H         SYMBOL        B
  D:0083H         SYMBOL        DPH
  D:0082H         SYMBOL        DPL
  N:0000H         SYMBOL        IBPSTACK
  N:0100H         SYMBOL        IBPSTACKTOP
  N:0080H         SYMBOL        IDATALEN
  C:0814H         SYMBOL        IDATALOOP
  N:0000H         SYMBOL        PBPSTACK
  N:0100H         SYMBOL        PBPSTACKTOP
  N:0000H         SYMBOL        PDATALEN
  N:0000H         SYMBOL        PDATASTART
  N:0000H         SYMBOL        PPAGE
  N:0000H         SYMBOL        PPAGEENABLE
  D:00A0H         SYMBOL        PPAGE_SFR
  D:0081H         SYMBOL        SP
  C:0811H         SYMBOL        STARTUP1
  N:0000H         SYMBOL        XBPSTACK
  N:0000H         SYMBOL        XBPSTACKTOP
  N:0000H         SYMBOL        XDATALEN
  N:0000H         SYMBOL        XDATASTART
  C:0000H         LINE#         126
  C:0811H         LINE#         133
  C:0813H         LINE#         134
  C:0814H         LINE#         135
  C:0815H         LINE#         136
  C:0817H         LINE#         185
  C:081AH         LINE#         196
  -------         ENDMOD        ?C_STARTUP

  -------         MODULE        MAIN
  C:0000H         SYMBOL        _ICE_DUMMY_
  D:0090H         PUBLIC        P1
  D:00A0H         PUBLIC        P2
  D:00B0H         PUBLIC        P3
  D:00A8H         PUBLIC        IE
  D:00B8H         PUBLIC        IP
  C:0800H         PUBLIC        main
  D:0098H         PUBLIC        SCON
  D:0088H         PUBLIC        TCON
  C:081DH         PUBLIC        the_third
  C:0827H         PUBLIC        test
  C:0823H         PUBLIC        fun
  D:00C8H         PUBLIC        T2CON
  D:00D0H         PUBLIC        PSW
  -------         PROC          MAIN
  C:0800H         LINE#         5
  C:0800H         LINE#         6
  C:0800H         LINE#         7
  C:0803H         LINE#         8
  C:0806H         LINE#         9
  C:0809H         LINE#         10
BL51 BANKED LINKER/LOCATER V6.22                                                      03/12/2020  12:17:51  PAGE 3


  C:080CH         LINE#         11
  C:080FH         LINE#         12
  -------         ENDPROC       MAIN
  -------         PROC          FUN
  C:0823H         LINE#         16
  C:0823H         LINE#         17
  C:0826H         LINE#         18
  -------         ENDPROC       FUN
  -------         PROC          TEST
  C:0827H         LINE#         20
  C:0827H         LINE#         21
  C:082AH         LINE#         22
  -------         ENDPROC       TEST
  -------         PROC          THE_THIRD
  C:081DH         LINE#         24
  C:081DH         LINE#         25
  C:0820H         LINE#         26
  -------         ENDPROC       THE_THIRD
  -------         ENDMOD        MAIN

******************************************************************************
* RESTRICTED VERSION WITH 0800H BYTE CODE SIZE LIMIT; USED: 002EH BYTE ( 2%) *
******************************************************************************

Program Size: data=9.0 xdata=0 code=46
LINK/LOCATE RUN COMPLETE.  0 WARNING(S),  0 ERROR(S)
